[2019-07-09 39:90:00.337][DEBUG][main.go：9] [main.main] 日志库实现debug
[2019-07-09 39:90:00.337][INFO][main.go：10] [main.main] 日志库实现info
[2019-07-09 39:90:00.337][ERROR][main.go：11] [main.main] 日志库实现error
[2019-07-09 46:90:00.711][DEBUG][main.go：9] [main.main] 日志库实现debug
[2019-07-09 46:90:00.711][INFO][main.go：10] [main.main] 日志库实现info
[2019-07-09 46:90:00.711][ERROR][main.go：11] [main.main] 日志库实现error
[2019-07-09 34:90:00.942][DEBUG][main.go：9] [main.main] 日志库实现debug
[2019-07-09 34:90:00.942][INFO][main.go：10] [main.main] 日志库实现info
[2019-07-09 34:90:00.942][ERROR][main.go：11] [main.main] 日志库实现error
[2019-07-09 12:90:00.816][INFO][main.go：10] [main.main] 日志库实现info
[2019-07-09 12:90:00.817][ERROR][main.go：11] [main.main] 日志库实现error
